// Jest Snapshot v1, https://goo.gl/fbAQLP

exports[`Dialog.vue renders properly 1`] = `
<v-dialog-stub
  closedelay="0"
  contentclass=""
  full-image-data="http://someFullImage.webp"
  image-id="ggid-123321"
  maxwidth="none"
  opendelay="0"
  origin="center center"
  preview-image-data="http://somePreviewImage.webp"
  retainfocus="true"
  transition="dialog-transition"
  width="60%"
>
  <v-card-stub
    loaderheight="4"
    style="overflow: hidden;"
    tag="div"
  >
    <v-card-title-stub>
      <v-spacer-stub />
       
      <v-btn-stub
        activeclass=""
        icon="true"
        tag="button"
        type="button"
      >
        <v-icon-stub>
          M19,6.41L17.59,5L12,10.59L6.41,5L5,6.41L10.59,12L5,17.59L6.41,19L12,13.41L17.59,19L19,17.59L13.41,12L19,6.41Z
        </v-icon-stub>
      </v-btn-stub>
    </v-card-title-stub>
     
    <v-img-stub
      contain="true"
      height="100%"
      lazysrc="http://someFullImage.webp"
      maxheight="512"
      options="[object Object]"
      position="center center"
      src="http://someFullImage.webp"
      transition="fade-transition"
      width="100%"
    />
     
    <card-actions-stub
      imagedata="http://someFullImage.webp"
      imageid="ggid-123321"
      previewimagedata="http://somePreviewImage.webp"
      rating="0"
      showrating="true"
    />
  </v-card-stub>
</v-dialog-stub>
`;
