// Jest Snapshot v1, https://goo.gl/fbAQLP

exports[`Frontpage.vue renders properly 1`] = `
<v-container-stub
  fill-height=""
  fluid="true"
  tag="div"
>
  <v-row-stub
    align="start"
    justify="center"
    nogutters="true"
    tag="div"
  >
    <v-card-stub
      flat="true"
      height="100%"
      loaderheight="4"
      tag="div"
      tile="true"
      width="100%"
    >
      <v-col-stub
        cols="auto"
        tag="div"
      >
        <v-carousel-stub
          activeclass="v-window-item--active"
          continuous="true"
          delimitericon="$delimiter"
          height="30vmax"
          hidedelimiters="true"
          interval="6000"
          mandatory="true"
          nexticon="$next"
          previcon="$prev"
          value="0"
        />
      </v-col-stub>
    </v-card-stub>
  </v-row-stub>
   
  <v-row-stub
    align="start"
    justify="center"
    nogutters="true"
    tag="div"
  >
    <v-col-stub
      cols="auto"
      tag="div"
    >
      <card-actions-stub
        imagedata=""
        imageid=""
        isfrontpage="true"
        previewimagedata=""
        rating="0"
        showrating="true"
        syncfunction="function () { [native code] }"
      />
    </v-col-stub>
  </v-row-stub>
</v-container-stub>
`;
