// Jest Snapshot v1, https://goo.gl/fbAQLP

exports[`Empty.vue renders properly 1`] = `
<div
  class="container container--fluid fill-height"
>
  <div
    class="text-center col col-12"
  >
    <div
      class="display-2 v-sheet theme--light rounded-0"
      style="height: 100%; width: 100%;"
    >
      
      You have no favourites yet ☹️
    
    </div>
  </div>
</div>
`;
