// Jest Snapshot v1, https://goo.gl/fbAQLP

exports[`PanelContent.vue renders properly 1`] = `
<v-expansion-panel-content-stub
  id="pa-exp-con"
>
  <v-item-group-stub
    activeclass="v-item--active"
  >
    <v-row-stub
      align="start"
      justify="start"
      tag="div"
    >
      <dialog-stub />
       
      <v-item-stub
        class="mx-auto"
      >
        <v-lazy-stub
          minheight="50"
          options="[object Object]"
          tag="div"
          transition="fade-transition"
        >
          <v-img-stub
            id="imageHover"
            lazysrc="previewImage1"
            maxheight="200"
            maxwidth="230"
            options="[object Object]"
            position="center center"
            src="previewImage1"
            transition="fade-transition"
          />
        </v-lazy-stub>
      </v-item-stub>
      <v-item-stub
        class="mx-auto"
      >
        <v-lazy-stub
          minheight="50"
          options="[object Object]"
          tag="div"
          transition="fade-transition"
        >
          <v-img-stub
            id="imageHover"
            lazysrc="previewImage2"
            maxheight="200"
            maxwidth="230"
            options="[object Object]"
            position="center center"
            src="previewImage2"
            transition="fade-transition"
          />
        </v-lazy-stub>
      </v-item-stub>
    </v-row-stub>
  </v-item-group-stub>
</v-expansion-panel-content-stub>
`;
