// Jest Snapshot v1, https://goo.gl/fbAQLP

exports[`LinearProgress.vue renders properly 1`] = `
<div
  aria-valuemax="100"
  aria-valuemin="0"
  class="v-progress-linear theme--light"
  role="progressbar"
  style="height: 4px;"
>
  <div
    class="v-progress-linear__background red"
    style="opacity: 0.3; left: 0%; width: 100%;"
  />
  <div
    class="v-progress-linear__buffer"
  />
  <div
    class="v-progress-linear__indeterminate v-progress-linear__indeterminate--active"
  >
    <div
      class="v-progress-linear__indeterminate long red"
    />
    <div
      class="v-progress-linear__indeterminate short red"
    />
  </div>
</div>
`;
