// Jest Snapshot v1, https://goo.gl/fbAQLP

exports[`About.vue renders properly 1`] = `
<v-container-stub
  fluid="true"
  tag="div"
>
  <v-row-stub
    justify="center"
    tag="div"
  >
    <v-card-stub
      flat="true"
      loaderheight="4"
      tag="div"
      tile="true"
      width="50%"
    >
      <v-card-title-stub
        class="display-2 justify-center"
      >
        <router-link
          style="color: black;"
          to="/"
        >
          
          GIFGIF
        
        </router-link>
      </v-card-title-stub>
       
      <vue-markdown-stub
        anchorattributes="[object Object]"
        breaks="true"
        emoji="true"
        highlight="true"
        html="true"
        langprefix="language-"
        linkify="true"
        postrender="function _default(htmlData) {
	        return htmlData;
	      }"
        prerender="function _default(sourceData) {
	        return sourceData;
	      }"
        quotes="“”‘’"
        show="true"
        source="
  ---
  
  ## Privacy Policy
  No Personal Data will be Collected!

  ### Browser Storage
  Application information will be saved in the IndexedDB of your Browser, via the [IndexedDB API.](https://developer.mozilla.org/en-US/docs/Web/API/IndexedDB_API)
  This information is **only** available to **you**.

  ## Copyright
  This project is licensed under the [MIT license](https://github.com/UweStolz/gifgif/blob/master/LICENSE.md)

  ## References

  ### Technologies
  This project was build with:  
  <table>
  <tr>
  <td><a href=\\"https://vuejs.org/\\"><img src=\\"\\" width=\\"64\\"></a></td>
  <td>Vue</td>
  </tr>
  <tr>
  <td><a href=\\"https://vuetifyjs.com/\\"><img src=\\"\\" width=\\"64\\"></a></td>
  <td>Vuetify</td>
  </tr>
  </table>

  ### APIs
  [Giphy](https://developers.giphy.com/docs/api/)
  [Tenor](https://tenor.com/gifapi/documentation)

  ### Repository:
  <a href=\\"https://github.com/UweStolz/gifgif\\"><img src=\\"\\" width=\\"64\\"></a> Available under GitHub
  "
        tableclass="table"
        tasklists="true"
        tocanchorclass="toc-anchor"
        tocanchorlink="true"
        tocanchorlinkclass="toc-anchor-link"
        tocanchorlinkspace="true"
        tocanchorlinksymbol="#"
        tocclass="table-of-contents"
        tocfirstlevel="2"
        typographer="true"
        watches="source,show,toc"
        xhtmlout="true"
      />
    </v-card-stub>
  </v-row-stub>
</v-container-stub>
`;
